// Jest Snapshot v1, https://goo.gl/fbAQLP

exports[`Test Ticket Management Details Page render Ticket Management Details Page's component correctly 1`] = `" <div class=\\"wrap-table-content\\"><div class=\\"container\\"><div class=\\"d-flex align-items-center justify-content-between pb-3\\"><div class=\\"d-flex align-items-center justify-content-start\\"><div class=\\"attendance-select-boxes\\"><select class=\\"me-1\\" style=\\"width: 15rem; background-color: rgb(255, 255, 255); border: 1px solid #e3e3e3; border-radius: 4px; color: rgb(86, 86, 86); padding: 8px 12px; height: 40px; box-shadow: none;\\"><option value=\\"Choose class\\">Choose class</option></select><select style=\\"width: 10rem; background-color: rgb(255, 255, 255); border: 1px solid #e3e3e3; border-radius: 4px; color: rgb(86, 86, 86); padding: 8px 12px; height: 40px; box-shadow: none;\\"><option value=\\"Choose class\\">Choose month</option><option value=\\"null-null\\">null-null</option></select></div></div><div class=\\"d-flex align-items-center justify-content-end\\"><div class=\\"me-3\\"><label class=\\"mb-0\\">Search: </label></div><div class=\\"me-3\\"><input type=\\"search\\" class=\\"form-control\\" value=\\"\\"></div><div><button type=\\"button\\" disabled=\\"\\" style=\\"color: white;\\" class=\\"btn-fill  btn btn-primary\\">Accept all <svg aria-hidden=\\"true\\" focusable=\\"false\\" data-prefix=\\"fas\\" data-icon=\\"check\\" class=\\"svg-inline--fa fa-check \\" role=\\"img\\" xmlns=\\"http://www.w3.org/2000/svg\\" viewBox=\\"0 0 448 512\\"><path fill=\\"currentColor\\" d=\\"M438.6 105.4C451.1 117.9 451.1 138.1 438.6 150.6L182.6 406.6C170.1 419.1 149.9 419.1 137.4 406.6L9.372 278.6C-3.124 266.1-3.124 245.9 9.372 233.4C21.87 220.9 42.13 220.9 54.63 233.4L159.1 338.7L393.4 105.4C405.9 92.88 426.1 92.88 438.6 105.4H438.6z\\"></path></svg></button><button type=\\"button\\" disabled=\\"\\" style=\\"color: white;\\" class=\\"btn-fill ms-1 btn btn-danger\\">Reject all <svg aria-hidden=\\"true\\" focusable=\\"false\\" data-prefix=\\"fas\\" data-icon=\\"xmark\\" class=\\"svg-inline--fa fa-xmark \\" role=\\"img\\" xmlns=\\"http://www.w3.org/2000/svg\\" viewBox=\\"0 0 320 512\\"><path fill=\\"currentColor\\" d=\\"M310.6 361.4c12.5 12.5 12.5 32.75 0 45.25C304.4 412.9 296.2 416 288 416s-16.38-3.125-22.62-9.375L160 301.3L54.63 406.6C48.38 412.9 40.19 416 32 416S15.63 412.9 9.375 406.6c-12.5-12.5-12.5-32.75 0-45.25l105.4-105.4L9.375 150.6c-12.5-12.5-12.5-32.75 0-45.25s32.75-12.5 45.25 0L160 210.8l105.4-105.4c12.5-12.5 32.75-12.5 45.25 0s12.5 32.75 0 45.25l-105.4 105.4L310.6 361.4z\\"></path></svg></button></div></div></div><div style=\\"overflow: auto;\\" class=\\"pt-2 row\\"><div class=\\"container\\"><pre class=\\"chorma\\"><table role=\\"table\\" class=\\"table table-striped table-hover\\"><thead><tr role=\\"row\\"><th colspan=\\"1\\" role=\\"columnheader\\"><div class=\\"heading\\" style=\\"font-size: 16px; font-weight: 600; justify-content: center; text-align: center; width: 100%;\\">&nbsp;</div></th><th colspan=\\"1\\" role=\\"columnheader\\"><div class=\\"heading\\" style=\\"font-size: 16px; font-weight: 600; justify-content: center; text-align: center; width: 100%;\\">Data is loading, please wait...</div></th></tr><tr role=\\"row\\"><th colspan=\\"1\\" role=\\"columnheader\\"><div class=\\"heading\\" style=\\"font-size: 16px; font-weight: 600; justify-content: center; text-align: center; width: 100%;\\"><div><input type=\\"checkbox\\" title=\\"Toggle All Current Page Rows Selected\\" style=\\"cursor: pointer;\\"></div></div></th><th colspan=\\"1\\" role=\\"columnheader\\"><div class=\\"heading\\" style=\\"font-size: 16px; font-weight: 600; justify-content: center; text-align: center; width: 100%;\\"></div></th></tr></thead><tbody role=\\"rowgroup\\"></tbody></table></pre></div></div><div class=\\"row\\"><div class=\\"pagination d-flex align-items-center justify-content-center col\\"><button type=\\"button\\" disabled=\\"\\" class=\\"btn-fill me-3 btn btn-primary\\">&lt;&lt;</button><button type=\\"button\\" disabled=\\"\\" class=\\"btn-fill me-3 btn btn-primary\\">&lt;</button><button type=\\"button\\" disabled=\\"\\" class=\\"btn-fill me-3 btn btn-primary\\">&gt;</button><button type=\\"button\\" disabled=\\"\\" class=\\"btn-fill me-5 btn btn-primary\\">&gt;&gt;</button><span class=\\"me-3 ml-5\\">Page<strong>1 of 0</strong></span><span class=\\"me-3\\"> Go to page: </span><input style=\\"width: 100px;\\" type=\\"number\\" class=\\"me-3 form-control\\" value=\\"1\\"><div class=\\"\\"><select class=\\"form-control\\"><option value=\\"10\\">Show 10</option><option value=\\"20\\">Show 20</option><option value=\\"30\\">Show 30</option><option value=\\"40\\">Show 40</option><option value=\\"50\\">Show 50</option></select></div><br></div></div></div></div> "`;
