// Jest Snapshot v1, https://goo.gl/fbAQLP

exports[`Test Attendance Details Page render Attendance Details Page's component correctly 1`] = `" <div class=\\"attend-table-content container\\"><div class=\\"d-flex align-items-center justify-content-between pb-2\\"><div class=\\"me-3\\"><div class=\\"attendance-select-boxes\\"><select class=\\"me-1\\" style=\\"width: 15rem; background-color: rgb(255, 255, 255); border: 1px solid #e3e3e3; border-radius: 4px; color: rgb(86, 86, 86); padding: 8px 12px; height: 40px; box-shadow: none;\\"><option value=\\"Choose class\\">Choose class</option></select><select style=\\"width: 10rem; background-color: rgb(255, 255, 255); border: 1px solid #e3e3e3; border-radius: 4px; color: rgb(86, 86, 86); padding: 8px 12px; height: 40px; box-shadow: none;\\"><option value=\\"Choose class\\">Choose month</option><option value=\\"null-null\\">null-null</option></select></div></div><div class=\\"d-flex align-items-center justify-content-between\\"><div class=\\"me-3\\"><label class=\\"mb-0\\">Search: </label></div><div class=\\"me-3\\"><input type=\\"search\\" class=\\"form-control\\" value=\\"\\"></div></div></div><div style=\\"overflow: auto;\\" class=\\"pt-2 row\\"><div class=\\"attend-table-container container\\"><pre class=\\"chorma\\"><table role=\\"table\\" class=\\"table table-bordered table-striped table-hover\\"><thead><tr role=\\"row\\"><th colspan=\\"1\\" role=\\"columnheader\\"><div class=\\"heading\\" style=\\"font-size: 16px; font-weight: 600; justify-content: center; text-align: center; width: 100%;\\">Data is loading or you need to choose class and month!</div></th></tr><tr role=\\"row\\"><th colspan=\\"1\\" role=\\"columnheader\\"><div class=\\"heading\\" style=\\"font-size: 16px; font-weight: 600; justify-content: center; text-align: center; width: 100%;\\"></div></th></tr></thead><tbody role=\\"rowgroup\\"></tbody></table></pre></div></div><div class=\\"row\\"><div class=\\"pagination d-flex align-items-center justify-content-center col\\"><button type=\\"button\\" disabled=\\"\\" class=\\"btn-fill me-3 btn btn-primary\\">&lt;&lt;</button><button type=\\"button\\" disabled=\\"\\" class=\\"btn-fill me-3 btn btn-primary\\">&lt;</button><button type=\\"button\\" disabled=\\"\\" class=\\"btn-fill me-3 btn btn-primary\\">&gt;</button><button type=\\"button\\" disabled=\\"\\" class=\\"btn-fill me-5 btn btn-primary\\">&gt;&gt;</button><span class=\\"me-3 ml-5\\">Page<strong>1 of 0</strong></span><span class=\\"me-3\\"> Go to page: </span><input style=\\"width: 100px;\\" type=\\"number\\" class=\\"me-3 form-control\\" value=\\"1\\"><div class=\\"\\"><select class=\\"form-control\\"><option value=\\"10\\">Show 10</option><option value=\\"20\\">Show 20</option><option value=\\"30\\">Show 30</option><option value=\\"40\\">Show 40</option><option value=\\"50\\">Show 50</option></select></div><br></div></div></div> "`;
