// Jest Snapshot v1, https://goo.gl/fbAQLP

exports[`Test Attendance Management Status Description render Status Description's component correctly 1`] = `" <div class=\\"attendance-status-description\\"><div class=\\"container-fluid\\"><div style=\\"margin: 10px 0px 0px 0px;\\" class=\\"row\\"><div class=\\"col-md-3\\"><div class=\\"row\\"><div class=\\"col-md-2\\"><span class=\\"bg-primary badge bg-primary\\"><h4 style=\\"margin: 0px;\\">P</h4></span></div><div class=\\"col-md-8\\"><h4 style=\\"margin: 0px;\\">Present</h4></div></div></div><div class=\\"col-md-3\\"><div class=\\"row\\"><div class=\\"col-md-2\\"><span class=\\"bg-success badge bg-primary\\"><h4 style=\\"margin: 0px;\\">A</h4></span></div><div class=\\"col-md-8\\"><h4 style=\\"margin: 0px;\\">Absent</h4></div></div></div><div class=\\"col-md-3\\"><div class=\\"row\\"><div class=\\"col-md-2\\"><span class=\\"bg-warning badge bg-primary\\"><h4 style=\\"margin: 0px;\\">L</h4></span></div><div class=\\"col-md-8\\"><h4 style=\\"margin: 0px;\\">Late coming</h4></div></div></div><div class=\\"col-md-3\\"><div class=\\"row\\"><div class=\\"col-md-2\\"><span class=\\"bg-warning badge bg-primary\\"><h4 style=\\"margin: 0px;\\">E</h4></span></div><div class=\\"col-md-8\\"><h4 style=\\"margin: 0px;\\">Early Leaving</h4></div></div></div></div><div style=\\"margin: 10px 0px 0px 0px;\\" class=\\"row\\"><div class=\\"col-md-6\\"><div class=\\"row\\"><div class=\\"col-md-1\\"><span class=\\"bg-secondary badge bg-primary\\"><h4 style=\\"margin: 0px;\\">Ln</h4></span></div><div class=\\"col-md-10\\"><h4 style=\\"margin: 0px;\\">Late coming with no permission</h4></div></div></div><div class=\\"col-md-6\\"><div class=\\"row\\"><div class=\\"col-md-1\\"><span class=\\"bg-secondary badge bg-primary\\"><h4 style=\\"margin: 0px;\\">En</h4></span></div><div class=\\"col-md-10\\"><h4 style=\\"margin: 0px;\\">Early Leaving with no permission</h4></div></div></div></div><div style=\\"margin: 10px 0px 0px 0px;\\" class=\\"row\\"><div class=\\"col-md-6\\"><div class=\\"row\\"><div class=\\"col-md-1\\"><span class=\\"bg-danger badge bg-primary\\"><h4 style=\\"margin: 0px;\\">An</h4></span></div><div class=\\"col-md-10\\"><h4 style=\\"margin: 0px;\\">Absent with no permission</h4></div></div></div></div></div></div> "`;
