// Jest Snapshot v1, https://goo.gl/fbAQLP

exports[`Test components AddUser Test render correctly without props 1`] = `
Array [
  <div />,
  <button
    className="btn-fill btn btn-primary"
    disabled={false}
    onClick={[Function]}
    type="button"
  >
    + Add new user
  </button>,
]
`;
