// Jest Snapshot v1, https://goo.gl/fbAQLP

exports[`Test Leave Request Handle Button render Handle Button's component correctly 1`] = `" <div class=\\"leave-request-handle-button\\"><div class=\\"text-primary\\" style=\\"cursor: pointer;\\"></div></div> "`;
