// Jest Snapshot v1, https://goo.gl/fbAQLP

exports[`Test Leave Request Details Page render Leave Request Details Page's component correctly 1`] = `
" <div class=\\"leave-request-detail\\"><div class=\\"wrap-table-content container\\"><div class=\\"d-flex align-items-center justify-content-between pb-3\\"><div class=\\"me-3\\"><div class=\\"leave-request-modal\\"><button type=\\"button\\" class=\\"btn-fill btn btn-primary\\">Make leave request</button></div></div><div class=\\"d-flex align-items-center justify-content-between\\"><div class=\\"me-3\\"><label class=\\"mb-0\\">Search: </label></div><input type=\\"search\\" class=\\"form-control\\" value=\\"\\"></div></div><style>
td,tr,th{
text-align: center;
}
</style><pre class=\\"chorma\\"><table role=\\"table\\" class=\\"table table-striped table-hover\\"><thead><tr role=\\"row\\"><th colspan=\\"1\\" role=\\"columnheader\\"><div class=\\"heading\\" style=\\"font-size: 16px; font-weight: 600; justify-content: center; text-align: center; width: 100%;\\">#<div></div></div></th><th colspan=\\"1\\" role=\\"columnheader\\"><div class=\\"heading\\" style=\\"font-size: 16px; font-weight: 600; justify-content: center; text-align: center; width: 100%;\\">Content<div></div></div></th><th colspan=\\"1\\" role=\\"columnheader\\"><div class=\\"heading\\" style=\\"font-size: 16px; font-weight: 600; justify-content: center; text-align: center; width: 100%;\\">Status<div></div></div></th><th colspan=\\"1\\" role=\\"columnheader\\"><div class=\\"heading\\" style=\\"font-size: 16px; font-weight: 600; justify-content: center; text-align: center; width: 100%;\\">Start Date<div></div></div></th><th colspan=\\"1\\" role=\\"columnheader\\"><div class=\\"heading\\" style=\\"font-size: 16px; font-weight: 600; justify-content: center; text-align: center; width: 100%;\\">End Date<div></div></div></th><th colspan=\\"1\\" role=\\"columnheader\\"><div class=\\"heading\\" style=\\"font-size: 16px; font-weight: 600; justify-content: center; text-align: center; width: 100%;\\">Action<div></div></div></th></tr></thead><tbody role=\\"rowgroup\\"><tr role=\\"row\\"><td role=\\"cell\\">1</td><td role=\\"cell\\"><div class=\\"leave-request-handle-button\\"><div class=\\"text-primary\\" style=\\"cursor: pointer;\\">Request for absence from 01/07/2022 to 03/07/2022</div></div></td><td role=\\"cell\\"><span style=\\"font-size: 1rem;\\" class=\\"bg-warning badge badge-secondary\\">Pending</span></td><td role=\\"cell\\">01/07/2022</td><td role=\\"cell\\">03/07/2022</td><td role=\\"cell\\"><div><button type=\\"button\\" class=\\"ms-2 btn btn-danger\\"><svg aria-hidden=\\"true\\" focusable=\\"false\\" data-prefix=\\"fas\\" data-icon=\\"xmark\\" class=\\"svg-inline--fa fa-xmark \\" role=\\"img\\" xmlns=\\"http://www.w3.org/2000/svg\\" viewBox=\\"0 0 320 512\\"><path fill=\\"currentColor\\" d=\\"M310.6 361.4c12.5 12.5 12.5 32.75 0 45.25C304.4 412.9 296.2 416 288 416s-16.38-3.125-22.62-9.375L160 301.3L54.63 406.6C48.38 412.9 40.19 416 32 416S15.63 412.9 9.375 406.6c-12.5-12.5-12.5-32.75 0-45.25l105.4-105.4L9.375 150.6c-12.5-12.5-12.5-32.75 0-45.25s32.75-12.5 45.25 0L160 210.8l105.4-105.4c12.5-12.5 32.75-12.5 45.25 0s12.5 32.75 0 45.25l-105.4 105.4L310.6 361.4z\\"></path></svg></button></div></td></tr><tr role=\\"row\\"><td role=\\"cell\\">2</td><td role=\\"cell\\"><div class=\\"leave-request-handle-button\\"><div class=\\"text-primary\\" style=\\"cursor: pointer;\\">Request for absence from 05/07/2022 to 05/07/2022</div></div></td><td role=\\"cell\\"><span style=\\"font-size: 1rem;\\" class=\\"bg-secondary badge badge-secondary\\">Cancelled</span></td><td role=\\"cell\\">05/07/2022</td><td role=\\"cell\\">05/07/2022</td><td role=\\"cell\\"><div></div></td></tr><tr role=\\"row\\"><td role=\\"cell\\">3</td><td role=\\"cell\\"><div class=\\"leave-request-handle-button\\"><div class=\\"text-primary\\" style=\\"cursor: pointer;\\">Request for absence from 10/07/2022 to 15/07/2022</div></div></td><td role=\\"cell\\"><span style=\\"font-size: 1rem;\\" class=\\"bg-danger badge badge-secondary\\">Rejected</span></td><td role=\\"cell\\">10/07/2022</td><td role=\\"cell\\">15/07/2022</td><td role=\\"cell\\"><div></div></td></tr><tr role=\\"row\\"><td role=\\"cell\\">4</td><td role=\\"cell\\"><div class=\\"leave-request-handle-button\\"><div class=\\"text-primary\\" style=\\"cursor: pointer;\\">Request for absence from 20/07/2022 to 21/07/2022</div></div></td><td role=\\"cell\\"><span style=\\"font-size: 1rem;\\" class=\\"bg-success badge badge-secondary\\">Approved</span></td><td role=\\"cell\\">20/07/2022</td><td role=\\"cell\\">21/07/2022</td><td role=\\"cell\\"><div></div></td></tr><tr role=\\"row\\"><td role=\\"cell\\">5</td><td role=\\"cell\\"><div class=\\"leave-request-handle-button\\"><div class=\\"text-primary\\" style=\\"cursor: pointer;\\">Request for absence from 25/07/2022 to 25/07/2022</div></div></td><td role=\\"cell\\"><span style=\\"font-size: 1rem;\\" class=\\"bg-secondary badge badge-secondary\\">Cancelled</span></td><td role=\\"cell\\">25/07/2022</td><td role=\\"cell\\">25/07/2022</td><td role=\\"cell\\"><div></div></td></tr><tr role=\\"row\\"><td role=\\"cell\\">6</td><td role=\\"cell\\"><div class=\\"leave-request-handle-button\\"><div class=\\"text-primary\\" style=\\"cursor: pointer;\\">Request for absence from 01/08/2022 to 02/08/2022</div></div></td><td role=\\"cell\\"><span style=\\"font-size: 1rem;\\" class=\\"bg-success badge badge-secondary\\">Approved</span></td><td role=\\"cell\\">01/08/2022</td><td role=\\"cell\\">02/08/2022</td><td role=\\"cell\\"><div></div></td></tr><tr role=\\"row\\"><td role=\\"cell\\">7</td><td role=\\"cell\\"><div class=\\"leave-request-handle-button\\"><div class=\\"text-primary\\" style=\\"cursor: pointer;\\">Request for absence from 05/08/2022 to 07/08/2022</div></div></td><td role=\\"cell\\"><span style=\\"font-size: 1rem;\\" class=\\"bg-warning badge badge-secondary\\">Pending</span></td><td role=\\"cell\\">05/08/2022</td><td role=\\"cell\\">07/08/2022</td><td role=\\"cell\\"><div><button type=\\"button\\" class=\\"ms-2 btn btn-danger\\"><svg aria-hidden=\\"true\\" focusable=\\"false\\" data-prefix=\\"fas\\" data-icon=\\"xmark\\" class=\\"svg-inline--fa fa-xmark \\" role=\\"img\\" xmlns=\\"http://www.w3.org/2000/svg\\" viewBox=\\"0 0 320 512\\"><path fill=\\"currentColor\\" d=\\"M310.6 361.4c12.5 12.5 12.5 32.75 0 45.25C304.4 412.9 296.2 416 288 416s-16.38-3.125-22.62-9.375L160 301.3L54.63 406.6C48.38 412.9 40.19 416 32 416S15.63 412.9 9.375 406.6c-12.5-12.5-12.5-32.75 0-45.25l105.4-105.4L9.375 150.6c-12.5-12.5-12.5-32.75 0-45.25s32.75-12.5 45.25 0L160 210.8l105.4-105.4c12.5-12.5 32.75-12.5 45.25 0s12.5 32.75 0 45.25l-105.4 105.4L310.6 361.4z\\"></path></svg></button></div></td></tr><tr role=\\"row\\"><td role=\\"cell\\">8</td><td role=\\"cell\\"><div class=\\"leave-request-handle-button\\"><div class=\\"text-primary\\" style=\\"cursor: pointer;\\">Request for absence from 12/08/2022 to 20/08/2022</div></div></td><td role=\\"cell\\"><span style=\\"font-size: 1rem;\\" class=\\"bg-secondary badge badge-secondary\\">Cancelled</span></td><td role=\\"cell\\">12/08/2022</td><td role=\\"cell\\">20/08/2022</td><td role=\\"cell\\"><div></div></td></tr></tbody></table></pre><div class=\\"pagination d-flex align-items-center justify-content-center\\"><button type=\\"button\\" disabled=\\"\\" class=\\"btn-fill me-3 btn btn-primary\\">&lt;&lt;</button><button type=\\"button\\" disabled=\\"\\" class=\\"btn-fill me-3 btn btn-primary\\">&lt;</button><button type=\\"button\\" disabled=\\"\\" class=\\"btn-fill me-3 btn btn-primary\\">&gt;</button><button type=\\"button\\" disabled=\\"\\" class=\\"btn-fill me-5 btn btn-primary\\">&gt;&gt;</button><span class=\\"me-3 ml-5\\">Page <strong>1 of 1</strong></span><span class=\\"me-3\\"> Go to page: </span><input style=\\"width: 100px;\\" type=\\"number\\" class=\\"me-3 form-control\\" value=\\"1\\"><div class=\\"\\"><select class=\\"form-control\\"><option value=\\"10\\">Show 10</option><option value=\\"20\\">Show 20</option><option value=\\"30\\">Show 30</option><option value=\\"40\\">Show 40</option><option value=\\"50\\">Show 50</option></select></div></div></div><br></div> "
`;
