// Jest Snapshot v1, https://goo.gl/fbAQLP

exports[`Test Attendance Form Sreen render Attendance Form Sreen's component correctly 1`] = `" <div class=\\"attendance-form-sreen container\\"><div class=\\"justify-content-center row\\"><div class=\\"attend-form col-md-6\\"><h2>Attendance FSOFT</h2><div class=\\"justify-content-between row\\"><div class=\\"col-md-3\\"><h4>Time</h4></div><div class=\\"col\\"><h4>13-8-2022 12:3</h4></div></div><form style=\\"font-size: 20px;\\" class=\\"\\"><div class=\\"md-3\\"><div style=\\"margin: 20px -10px 0px;\\" class=\\"row\\"><label for=\\"username\\" class=\\"form-label col-form-label col-md-3\\">Username</label><div class=\\"col-md-9\\"><input type=\\"text\\" id=\\"username\\" class=\\"form-control\\" value=\\"\\"></div></div><div style=\\"margin: 20px -10px 0px;\\" class=\\"row\\"><label for=\\"username\\" class=\\"form-label col-form-label col-md-3\\">Password</label><div class=\\"col-md-9\\"><input placeholder=\\"Password\\" type=\\"password\\" id=\\"password\\" class=\\"form-control\\" value=\\"\\"><small class=\\"text-danger form-text\\"></small></div></div><div style=\\"margin: 20px -10px 0px;\\" class=\\"row\\"><div class=\\"col-md-3\\"></div><div class=\\"col-md-9\\"><label class=\\"form-check-label\\"><div class=\\"row\\"><div class=\\"col-md-1\\"><input type=\\"checkbox\\" class=\\"form-check-input\\"></div><div class=\\"col-md-10\\"><h5 style=\\"margin: 5px;\\">Show password</h5></div></div></label></div></div></div></form><button type=\\"button\\" id=\\"attend\\" style=\\"float: right; margin: 30px 0px 0px;\\" class=\\"btn-fill login-form-button btn btn-primary\\">Attend</button></div></div></div> "`;
