// Jest Snapshot v1, https://goo.gl/fbAQLP

exports[`Test Attendance Form Sreen render Barcode Form Sreen's component correctly 1`] = `" <div class=\\"barcode-form\\" style=\\"text-align: center;\\"><h4 style=\\"margin: 0px 0px 30px 0px;\\">Please scan this QR code to fill in your attend form</h4><svg height=\\"128\\" width=\\"128\\" viewBox=\\"0 0 29 29\\" style=\\"height: 300px; width: 300px; display: flex; margin: auto;\\"><path fill=\\"#FFFFFF\\" d=\\"M0,0 h29v29H0z\\" shape-rendering=\\"crispEdges\\"></path><path fill=\\"#000000\\" d=\\"M0 0h7v1H0zM10 0h1v1H10zM13 0h7v1H13zM22,0 h7v1H22zM0 1h1v1H0zM6 1h1v1H6zM8 1h3v1H8zM13 1h6v1H13zM20 1h1v1H20zM22 1h1v1H22zM28,1 h1v1H28zM0 2h1v1H0zM2 2h3v1H2zM6 2h1v1H6zM8 2h1v1H8zM16 2h2v1H16zM20 2h1v1H20zM22 2h1v1H22zM24 2h3v1H24zM28,2 h1v1H28zM0 3h1v1H0zM2 3h3v1H2zM6 3h1v1H6zM9 3h1v1H9zM12 3h1v1H12zM14 3h3v1H14zM18 3h2v1H18zM22 3h1v1H22zM24 3h3v1H24zM28,3 h1v1H28zM0 4h1v1H0zM2 4h3v1H2zM6 4h1v1H6zM8 4h3v1H8zM12 4h5v1H12zM18 4h1v1H18zM22 4h1v1H22zM24 4h3v1H24zM28,4 h1v1H28zM0 5h1v1H0zM6 5h1v1H6zM8 5h1v1H8zM10 5h1v1H10zM12 5h1v1H12zM14 5h2v1H14zM18 5h2v1H18zM22 5h1v1H22zM28,5 h1v1H28zM0 6h7v1H0zM8 6h1v1H8zM10 6h1v1H10zM12 6h1v1H12zM14 6h1v1H14zM16 6h1v1H16zM18 6h1v1H18zM20 6h1v1H20zM22,6 h7v1H22zM8 7h1v1H8zM10 7h2v1H10zM14 7h7v1H14zM0 8h2v1H0zM3 8h1v1H3zM6 8h2v1H6zM11 8h4v1H11zM22 8h3v1H22zM26 8h2v1H26zM0 9h1v1H0zM2 9h3v1H2zM7 9h1v1H7zM9 9h1v1H9zM11 9h2v1H11zM16 9h1v1H16zM20 9h3v1H20zM25 9h1v1H25zM28,9 h1v1H28zM0 10h2v1H0zM3 10h1v1H3zM5 10h4v1H5zM11 10h2v1H11zM16 10h2v1H16zM19 10h1v1H19zM22 10h2v1H22zM25 10h3v1H25zM0 11h2v1H0zM3 11h2v1H3zM7 11h1v1H7zM9 11h5v1H9zM15 11h1v1H15zM19 11h3v1H19zM26 11h2v1H26zM1 12h4v1H1zM6 12h1v1H6zM10 12h4v1H10zM16 12h2v1H16zM20 12h4v1H20zM25 12h1v1H25zM27,12 h2v1H27zM0 13h1v1H0zM2 13h1v1H2zM4 13h2v1H4zM9 13h1v1H9zM11 13h1v1H11zM13 13h1v1H13zM17 13h5v1H17zM0 14h8v1H0zM9 14h1v1H9zM11 14h2v1H11zM14 14h1v1H14zM17 14h1v1H17zM21 14h2v1H21zM24,14 h5v1H24zM0 15h5v1H0zM8 15h1v1H8zM10 15h8v1H10zM20 15h1v1H20zM25 15h1v1H25zM27 15h1v1H27zM0 16h2v1H0zM3 16h1v1H3zM6 16h2v1H6zM9 16h1v1H9zM12 16h1v1H12zM14 16h1v1H14zM16 16h3v1H16zM20 16h2v1H20zM27 16h1v1H27zM1 17h1v1H1zM3 17h1v1H3zM8 17h2v1H8zM11 17h2v1H11zM14 17h1v1H14zM16 17h2v1H16zM22 17h2v1H22zM25 17h1v1H25zM28,17 h1v1H28zM0 18h1v1H0zM3 18h1v1H3zM5 18h2v1H5zM8 18h1v1H8zM12 18h2v1H12zM17 18h1v1H17zM22 18h1v1H22zM27,18 h2v1H27zM2 19h1v1H2zM4 19h2v1H4zM7 19h2v1H7zM10 19h1v1H10zM12 19h1v1H12zM14 19h1v1H14zM16 19h2v1H16zM21 19h1v1H21zM23 19h1v1H23zM27,19 h2v1H27zM0 20h1v1H0zM6 20h1v1H6zM10 20h1v1H10zM12 20h5v1H12zM20 20h5v1H20zM26 20h1v1H26zM8 21h1v1H8zM10 21h1v1H10zM12 21h2v1H12zM16 21h1v1H16zM19 21h2v1H19zM24 21h1v1H24zM26,21 h3v1H26zM0 22h7v1H0zM8 22h1v1H8zM13 22h2v1H13zM16 22h1v1H16zM18 22h1v1H18zM20 22h1v1H20zM22 22h1v1H22zM24 22h1v1H24zM27 22h1v1H27zM0 23h1v1H0zM6 23h1v1H6zM9 23h2v1H9zM12 23h2v1H12zM16 23h1v1H16zM20 23h1v1H20zM24 23h3v1H24zM28,23 h1v1H28zM0 24h1v1H0zM2 24h3v1H2zM6 24h1v1H6zM10 24h1v1H10zM12 24h2v1H12zM15 24h3v1H15zM20 24h5v1H20zM27 24h1v1H27zM0 25h1v1H0zM2 25h3v1H2zM6 25h1v1H6zM8 25h2v1H8zM12 25h1v1H12zM14 25h1v1H14zM17 25h1v1H17zM19 25h1v1H19zM21 25h2v1H21zM24 25h4v1H24zM0 26h1v1H0zM2 26h3v1H2zM6 26h1v1H6zM9 26h1v1H9zM11 26h2v1H11zM14 26h1v1H14zM16 26h2v1H16zM19 26h2v1H19zM24 26h3v1H24zM28,26 h1v1H28zM0 27h1v1H0zM6 27h1v1H6zM8 27h1v1H8zM10 27h4v1H10zM17 27h4v1H17zM22 27h3v1H22zM27 27h1v1H27zM0 28h7v1H0zM8 28h2v1H8zM16 28h2v1H16zM20 28h2v1H20zM23 28h3v1H23zM27 28h1v1H27z\\" shape-rendering=\\"crispEdges\\"></path></svg></div> "`;
