// Jest Snapshot v1, https://goo.gl/fbAQLP

exports[`Test Attendance Details Of One Trainee Page render Attendance Details Of One Trainee Page's component correctly 1`] = `
" <div class=\\"attendance-details\\"><div class=\\"wrap-table-content\\"><div class=\\"d-flex align-items-center justify-content-between pb-3\\"><div class=\\"me-3\\"></div><div class=\\"d-flex align-items-center justify-content-between\\"><div class=\\"me-3\\"><label class=\\"mb-0\\">Search: </label></div><div class=\\"me-3\\"><input type=\\"search\\" class=\\"form-control\\" value=\\"\\"></div></div></div><style>
      td,tr,th{
        text-align: center;
      }
      </style><pre class=\\"chorma\\"><table role=\\"table\\" class=\\"table table-bordered table-striped table-hover\\"><thead><tr role=\\"row\\"><th colspan=\\"1\\" role=\\"columnheader\\"><div class=\\"heading\\" style=\\"font-size: 16px; font-weight: 600; justify-content: center; text-align: center; width: 100%;\\">ID<div></div></div></th><th colspan=\\"2\\" role=\\"columnheader\\"><div class=\\"heading\\" style=\\"font-size: 16px; font-weight: 600; justify-content: center; text-align: center; width: 100%;\\">Full Name<div></div></div></th><th colspan=\\"1\\" role=\\"columnheader\\"><div class=\\"heading\\" style=\\"font-size: 16px; font-weight: 600; justify-content: center; text-align: center; width: 100%;\\">Summary<div></div></div></th><th colspan=\\"21\\" role=\\"columnheader\\"><div class=\\"heading\\" style=\\"font-size: 16px; font-weight: 600; justify-content: center; text-align: center; width: 100%;\\">Attend Status<div></div></div></th></tr><tr role=\\"row\\"><th colspan=\\"1\\" role=\\"columnheader\\"><div class=\\"heading\\" style=\\"font-size: 16px; font-weight: 600; justify-content: center; text-align: center; width: 100%;\\"><div><div class=\\"mb-0\\"></div></div></div></th><th colspan=\\"1\\" role=\\"columnheader\\"><div class=\\"heading\\" style=\\"font-size: 16px; font-weight: 600; justify-content: center; text-align: center; width: 100%;\\">First Name<div><div class=\\"mb-0\\"></div></div></div></th><th colspan=\\"1\\" role=\\"columnheader\\"><div class=\\"heading\\" style=\\"font-size: 16px; font-weight: 600; justify-content: center; text-align: center; width: 100%;\\">Last Name<div><div class=\\"mb-0\\"></div></div></div></th><th colspan=\\"1\\" role=\\"columnheader\\"><div class=\\"heading\\" style=\\"font-size: 16px; font-weight: 600; justify-content: center; text-align: center; width: 100%;\\"><div><div class=\\"mb-0\\"></div></div></div></th><th colspan=\\"1\\" role=\\"columnheader\\"><div class=\\"heading\\" style=\\"font-size: 16px; font-weight: 600; justify-content: center; text-align: center; width: 100%;\\">01<div><select style=\\"text-align: center; font-weight: 800; width: 3.5rem;\\"><option value=\\"\\">All</option><option value=\\"P\\">P</option></select></div></div></th><th colspan=\\"1\\" role=\\"columnheader\\"><div class=\\"heading\\" style=\\"font-size: 16px; font-weight: 600; justify-content: center; text-align: center; width: 100%;\\">02<div><select style=\\"text-align: center; font-weight: 800; width: 3.5rem;\\"><option value=\\"\\">All</option><option value=\\"P\\">P</option></select></div></div></th><th colspan=\\"1\\" role=\\"columnheader\\"><div class=\\"heading\\" style=\\"font-size: 16px; font-weight: 600; justify-content: center; text-align: center; width: 100%;\\">03<div><select style=\\"text-align: center; font-weight: 800; width: 3.5rem;\\"><option value=\\"\\">All</option><option value=\\"P\\">P</option></select></div></div></th><th colspan=\\"1\\" role=\\"columnheader\\"><div class=\\"heading\\" style=\\"font-size: 16px; font-weight: 600; justify-content: center; text-align: center; width: 100%;\\">06<div><select style=\\"text-align: center; font-weight: 800; width: 3.5rem;\\"><option value=\\"\\">All</option><option value=\\"P\\">P</option></select></div></div></th><th colspan=\\"1\\" role=\\"columnheader\\"><div class=\\"heading\\" style=\\"font-size: 16px; font-weight: 600; justify-content: center; text-align: center; width: 100%;\\">07<div><select style=\\"text-align: center; font-weight: 800; width: 3.5rem;\\"><option value=\\"\\">All</option><option value=\\"P\\">P</option></select></div></div></th><th colspan=\\"1\\" role=\\"columnheader\\"><div class=\\"heading\\" style=\\"font-size: 16px; font-weight: 600; justify-content: center; text-align: center; width: 100%;\\">08<div><select style=\\"text-align: center; font-weight: 800; width: 3.5rem;\\"><option value=\\"\\">All</option><option value=\\"P\\">P</option></select></div></div></th><th colspan=\\"1\\" role=\\"columnheader\\"><div class=\\"heading\\" style=\\"font-size: 16px; font-weight: 600; justify-content: center; text-align: center; width: 100%;\\">09<div><select style=\\"text-align: center; font-weight: 800; width: 3.5rem;\\"><option value=\\"\\">All</option><option value=\\"P\\">P</option></select></div></div></th><th colspan=\\"1\\" role=\\"columnheader\\"><div class=\\"heading\\" style=\\"font-size: 16px; font-weight: 600; justify-content: center; text-align: center; width: 100%;\\">10<div><select style=\\"text-align: center; font-weight: 800; width: 3.5rem;\\"><option value=\\"\\">All</option><option value=\\"P\\">P</option></select></div></div></th><th colspan=\\"1\\" role=\\"columnheader\\"><div class=\\"heading\\" style=\\"font-size: 16px; font-weight: 600; justify-content: center; text-align: center; width: 100%;\\">11<div><select style=\\"text-align: center; font-weight: 800; width: 3.5rem;\\"><option value=\\"\\">All</option><option value=\\"P\\">P</option></select></div></div></th><th colspan=\\"1\\" role=\\"columnheader\\"><div class=\\"heading\\" style=\\"font-size: 16px; font-weight: 600; justify-content: center; text-align: center; width: 100%;\\">14<div><select style=\\"text-align: center; font-weight: 800; width: 3.5rem;\\"><option value=\\"\\">All</option><option value=\\"P\\">P</option></select></div></div></th><th colspan=\\"1\\" role=\\"columnheader\\"><div class=\\"heading\\" style=\\"font-size: 16px; font-weight: 600; justify-content: center; text-align: center; width: 100%;\\">15<div><select style=\\"text-align: center; font-weight: 800; width: 3.5rem;\\"><option value=\\"\\">All</option><option value=\\"P\\">P</option></select></div></div></th><th colspan=\\"1\\" role=\\"columnheader\\"><div class=\\"heading\\" style=\\"font-size: 16px; font-weight: 600; justify-content: center; text-align: center; width: 100%;\\">16<div><select style=\\"text-align: center; font-weight: 800; width: 3.5rem;\\"><option value=\\"\\">All</option><option value=\\"P\\">P</option></select></div></div></th><th colspan=\\"1\\" role=\\"columnheader\\"><div class=\\"heading\\" style=\\"font-size: 16px; font-weight: 600; justify-content: center; text-align: center; width: 100%;\\">17<div><select style=\\"text-align: center; font-weight: 800; width: 3.5rem;\\"><option value=\\"\\">All</option><option value=\\"P\\">P</option></select></div></div></th><th colspan=\\"1\\" role=\\"columnheader\\"><div class=\\"heading\\" style=\\"font-size: 16px; font-weight: 600; justify-content: center; text-align: center; width: 100%;\\">18<div><select style=\\"text-align: center; font-weight: 800; width: 3.5rem;\\"><option value=\\"\\">All</option><option value=\\"P\\">P</option></select></div></div></th><th colspan=\\"1\\" role=\\"columnheader\\"><div class=\\"heading\\" style=\\"font-size: 16px; font-weight: 600; justify-content: center; text-align: center; width: 100%;\\">21<div><select style=\\"text-align: center; font-weight: 800; width: 3.5rem;\\"><option value=\\"\\">All</option><option value=\\"P\\">P</option></select></div></div></th><th colspan=\\"1\\" role=\\"columnheader\\"><div class=\\"heading\\" style=\\"font-size: 16px; font-weight: 600; justify-content: center; text-align: center; width: 100%;\\">22<div><select style=\\"text-align: center; font-weight: 800; width: 3.5rem;\\"><option value=\\"\\">All</option><option value=\\"P\\">P</option></select></div></div></th><th colspan=\\"1\\" role=\\"columnheader\\"><div class=\\"heading\\" style=\\"font-size: 16px; font-weight: 600; justify-content: center; text-align: center; width: 100%;\\">23<div><select style=\\"text-align: center; font-weight: 800; width: 3.5rem;\\"><option value=\\"\\">All</option><option value=\\"P\\">P</option></select></div></div></th><th colspan=\\"1\\" role=\\"columnheader\\"><div class=\\"heading\\" style=\\"font-size: 16px; font-weight: 600; justify-content: center; text-align: center; width: 100%;\\">25<div><select style=\\"text-align: center; font-weight: 800; width: 3.5rem;\\"><option value=\\"\\">All</option><option value=\\"P\\">P</option></select></div></div></th><th colspan=\\"1\\" role=\\"columnheader\\"><div class=\\"heading\\" style=\\"font-size: 16px; font-weight: 600; justify-content: center; text-align: center; width: 100%;\\">28<div><select style=\\"text-align: center; font-weight: 800; width: 3.5rem;\\"><option value=\\"\\">All</option><option value=\\"P\\">P</option></select></div></div></th><th colspan=\\"1\\" role=\\"columnheader\\"><div class=\\"heading\\" style=\\"font-size: 16px; font-weight: 600; justify-content: center; text-align: center; width: 100%;\\">29<div><select style=\\"text-align: center; font-weight: 800; width: 3.5rem;\\"><option value=\\"\\">All</option><option value=\\"P\\">P</option></select></div></div></th><th colspan=\\"1\\" role=\\"columnheader\\"><div class=\\"heading\\" style=\\"font-size: 16px; font-weight: 600; justify-content: center; text-align: center; width: 100%;\\">30<div><select style=\\"text-align: center; font-weight: 800; width: 3.5rem;\\"><option value=\\"\\">All</option><option value=\\"P\\">P</option></select></div></div></th></tr></thead><tbody role=\\"rowgroup\\"><tr role=\\"row\\"><td role=\\"cell\\"><a href=\\"#\\" style=\\"color: blue; text-decoration: none;\\">76586282</a></td><td role=\\"cell\\">neck-eyciv</td><td role=\\"cell\\">bead-1v2sq</td><td role=\\"cell\\"><p><span style=\\"font-size: 15px;\\" class=\\"bg-primary mx-1 badge badge-secondary\\">P: 21</span><span style=\\"font-size: 15px;\\" class=\\"bg-success mx-1 badge badge-secondary\\">A: 0</span><span style=\\"font-size: 15px;\\" class=\\"bg-warning mx-1 badge badge-secondary\\">L: 0</span><span style=\\"font-size: 15px;\\" class=\\"bg-warning mx-1 badge badge-secondary\\">E: 0</span><span style=\\"font-size: 15px;\\" class=\\"bg-danger mx-1 badge badge-secondary\\">An: 0</span><span style=\\"font-size: 15px;\\" class=\\"bg-secondary badge badge-secondary\\">Ln: 0</span><span style=\\"font-size: 15px;\\" class=\\"bg-secondary mx-1 badge badge-secondary\\">En: 0</span></p></td><td role=\\"cell\\"><span style=\\"width: 100%; font-size: 15px;\\" class=\\"bg-primary badge badge-secondary\\"><div style=\\"width: 3rem;\\"><select style=\\"background: none; color: white; font-weight: 700;\\"><option disabled=\\"\\" style=\\"color: grey;\\">P</option><option value=\\"P\\" style=\\"color: black; font-weight: 500;\\">P</option><option value=\\"A\\" style=\\"color: black; font-weight: 500;\\">A</option><option value=\\"L\\" style=\\"color: black; font-weight: 500;\\">L</option><option value=\\"E\\" style=\\"color: black; font-weight: 500;\\">E</option><option value=\\"Ln\\" style=\\"color: black; font-weight: 500;\\">Ln</option><option value=\\"En\\" style=\\"color: black; font-weight: 500;\\">En</option><option value=\\"An\\" style=\\"color: black; font-weight: 500;\\">An</option></select></div></span></td><td role=\\"cell\\"><span style=\\"width: 100%; font-size: 15px;\\" class=\\"bg-primary badge badge-secondary\\"><div style=\\"width: 3rem;\\"><select style=\\"background: none; color: white; font-weight: 700;\\"><option disabled=\\"\\" style=\\"color: grey;\\">P</option><option value=\\"P\\" style=\\"color: black; font-weight: 500;\\">P</option><option value=\\"A\\" style=\\"color: black; font-weight: 500;\\">A</option><option value=\\"L\\" style=\\"color: black; font-weight: 500;\\">L</option><option value=\\"E\\" style=\\"color: black; font-weight: 500;\\">E</option><option value=\\"Ln\\" style=\\"color: black; font-weight: 500;\\">Ln</option><option value=\\"En\\" style=\\"color: black; font-weight: 500;\\">En</option><option value=\\"An\\" style=\\"color: black; font-weight: 500;\\">An</option></select></div></span></td><td role=\\"cell\\"><span style=\\"width: 100%; font-size: 15px;\\" class=\\"bg-primary badge badge-secondary\\"><div style=\\"width: 3rem;\\"><select style=\\"background: none; color: white; font-weight: 700;\\"><option disabled=\\"\\" style=\\"color: grey;\\">P</option><option value=\\"P\\" style=\\"color: black; font-weight: 500;\\">P</option><option value=\\"A\\" style=\\"color: black; font-weight: 500;\\">A</option><option value=\\"L\\" style=\\"color: black; font-weight: 500;\\">L</option><option value=\\"E\\" style=\\"color: black; font-weight: 500;\\">E</option><option value=\\"Ln\\" style=\\"color: black; font-weight: 500;\\">Ln</option><option value=\\"En\\" style=\\"color: black; font-weight: 500;\\">En</option><option value=\\"An\\" style=\\"color: black; font-weight: 500;\\">An</option></select></div></span></td><td role=\\"cell\\"><span style=\\"width: 100%; font-size: 15px;\\" class=\\"bg-primary badge badge-secondary\\"><div style=\\"width: 3rem;\\"><select style=\\"background: none; color: white; font-weight: 700;\\"><option disabled=\\"\\" style=\\"color: grey;\\">P</option><option value=\\"P\\" style=\\"color: black; font-weight: 500;\\">P</option><option value=\\"A\\" style=\\"color: black; font-weight: 500;\\">A</option><option value=\\"L\\" style=\\"color: black; font-weight: 500;\\">L</option><option value=\\"E\\" style=\\"color: black; font-weight: 500;\\">E</option><option value=\\"Ln\\" style=\\"color: black; font-weight: 500;\\">Ln</option><option value=\\"En\\" style=\\"color: black; font-weight: 500;\\">En</option><option value=\\"An\\" style=\\"color: black; font-weight: 500;\\">An</option></select></div></span></td><td role=\\"cell\\"><span style=\\"width: 100%; font-size: 15px;\\" class=\\"bg-primary badge badge-secondary\\"><div style=\\"width: 3rem;\\"><select style=\\"background: none; color: white; font-weight: 700;\\"><option disabled=\\"\\" style=\\"color: grey;\\">P</option><option value=\\"P\\" style=\\"color: black; font-weight: 500;\\">P</option><option value=\\"A\\" style=\\"color: black; font-weight: 500;\\">A</option><option value=\\"L\\" style=\\"color: black; font-weight: 500;\\">L</option><option value=\\"E\\" style=\\"color: black; font-weight: 500;\\">E</option><option value=\\"Ln\\" style=\\"color: black; font-weight: 500;\\">Ln</option><option value=\\"En\\" style=\\"color: black; font-weight: 500;\\">En</option><option value=\\"An\\" style=\\"color: black; font-weight: 500;\\">An</option></select></div></span></td><td role=\\"cell\\"><span style=\\"width: 100%; font-size: 15px;\\" class=\\"bg-primary badge badge-secondary\\"><div style=\\"width: 3rem;\\"><select style=\\"background: none; color: white; font-weight: 700;\\"><option disabled=\\"\\" style=\\"color: grey;\\">P</option><option value=\\"P\\" style=\\"color: black; font-weight: 500;\\">P</option><option value=\\"A\\" style=\\"color: black; font-weight: 500;\\">A</option><option value=\\"L\\" style=\\"color: black; font-weight: 500;\\">L</option><option value=\\"E\\" style=\\"color: black; font-weight: 500;\\">E</option><option value=\\"Ln\\" style=\\"color: black; font-weight: 500;\\">Ln</option><option value=\\"En\\" style=\\"color: black; font-weight: 500;\\">En</option><option value=\\"An\\" style=\\"color: black; font-weight: 500;\\">An</option></select></div></span></td><td role=\\"cell\\"><span style=\\"width: 100%; font-size: 15px;\\" class=\\"bg-primary badge badge-secondary\\"><div style=\\"width: 3rem;\\"><select style=\\"background: none; color: white; font-weight: 700;\\"><option disabled=\\"\\" style=\\"color: grey;\\">P</option><option value=\\"P\\" style=\\"color: black; font-weight: 500;\\">P</option><option value=\\"A\\" style=\\"color: black; font-weight: 500;\\">A</option><option value=\\"L\\" style=\\"color: black; font-weight: 500;\\">L</option><option value=\\"E\\" style=\\"color: black; font-weight: 500;\\">E</option><option value=\\"Ln\\" style=\\"color: black; font-weight: 500;\\">Ln</option><option value=\\"En\\" style=\\"color: black; font-weight: 500;\\">En</option><option value=\\"An\\" style=\\"color: black; font-weight: 500;\\">An</option></select></div></span></td><td role=\\"cell\\"><span style=\\"width: 100%; font-size: 15px;\\" class=\\"bg-primary badge badge-secondary\\"><div style=\\"width: 3rem;\\"><select style=\\"background: none; color: white; font-weight: 700;\\"><option disabled=\\"\\" style=\\"color: grey;\\">P</option><option value=\\"P\\" style=\\"color: black; font-weight: 500;\\">P</option><option value=\\"A\\" style=\\"color: black; font-weight: 500;\\">A</option><option value=\\"L\\" style=\\"color: black; font-weight: 500;\\">L</option><option value=\\"E\\" style=\\"color: black; font-weight: 500;\\">E</option><option value=\\"Ln\\" style=\\"color: black; font-weight: 500;\\">Ln</option><option value=\\"En\\" style=\\"color: black; font-weight: 500;\\">En</option><option value=\\"An\\" style=\\"color: black; font-weight: 500;\\">An</option></select></div></span></td><td role=\\"cell\\"><span style=\\"width: 100%; font-size: 15px;\\" class=\\"bg-primary badge badge-secondary\\"><div style=\\"width: 3rem;\\"><select style=\\"background: none; color: white; font-weight: 700;\\"><option disabled=\\"\\" style=\\"color: grey;\\">P</option><option value=\\"P\\" style=\\"color: black; font-weight: 500;\\">P</option><option value=\\"A\\" style=\\"color: black; font-weight: 500;\\">A</option><option value=\\"L\\" style=\\"color: black; font-weight: 500;\\">L</option><option value=\\"E\\" style=\\"color: black; font-weight: 500;\\">E</option><option value=\\"Ln\\" style=\\"color: black; font-weight: 500;\\">Ln</option><option value=\\"En\\" style=\\"color: black; font-weight: 500;\\">En</option><option value=\\"An\\" style=\\"color: black; font-weight: 500;\\">An</option></select></div></span></td><td role=\\"cell\\"><span style=\\"width: 100%; font-size: 15px;\\" class=\\"bg-primary badge badge-secondary\\"><div style=\\"width: 3rem;\\"><select style=\\"background: none; color: white; font-weight: 700;\\"><option disabled=\\"\\" style=\\"color: grey;\\">P</option><option value=\\"P\\" style=\\"color: black; font-weight: 500;\\">P</option><option value=\\"A\\" style=\\"color: black; font-weight: 500;\\">A</option><option value=\\"L\\" style=\\"color: black; font-weight: 500;\\">L</option><option value=\\"E\\" style=\\"color: black; font-weight: 500;\\">E</option><option value=\\"Ln\\" style=\\"color: black; font-weight: 500;\\">Ln</option><option value=\\"En\\" style=\\"color: black; font-weight: 500;\\">En</option><option value=\\"An\\" style=\\"color: black; font-weight: 500;\\">An</option></select></div></span></td><td role=\\"cell\\"><span style=\\"width: 100%; font-size: 15px;\\" class=\\"bg-primary badge badge-secondary\\"><div style=\\"width: 3rem;\\"><select style=\\"background: none; color: white; font-weight: 700;\\"><option disabled=\\"\\" style=\\"color: grey;\\">P</option><option value=\\"P\\" style=\\"color: black; font-weight: 500;\\">P</option><option value=\\"A\\" style=\\"color: black; font-weight: 500;\\">A</option><option value=\\"L\\" style=\\"color: black; font-weight: 500;\\">L</option><option value=\\"E\\" style=\\"color: black; font-weight: 500;\\">E</option><option value=\\"Ln\\" style=\\"color: black; font-weight: 500;\\">Ln</option><option value=\\"En\\" style=\\"color: black; font-weight: 500;\\">En</option><option value=\\"An\\" style=\\"color: black; font-weight: 500;\\">An</option></select></div></span></td><td role=\\"cell\\"><span style=\\"width: 100%; font-size: 15px;\\" class=\\"bg-primary badge badge-secondary\\"><div style=\\"width: 3rem;\\"><select style=\\"background: none; color: white; font-weight: 700;\\"><option disabled=\\"\\" style=\\"color: grey;\\">P</option><option value=\\"P\\" style=\\"color: black; font-weight: 500;\\">P</option><option value=\\"A\\" style=\\"color: black; font-weight: 500;\\">A</option><option value=\\"L\\" style=\\"color: black; font-weight: 500;\\">L</option><option value=\\"E\\" style=\\"color: black; font-weight: 500;\\">E</option><option value=\\"Ln\\" style=\\"color: black; font-weight: 500;\\">Ln</option><option value=\\"En\\" style=\\"color: black; font-weight: 500;\\">En</option><option value=\\"An\\" style=\\"color: black; font-weight: 500;\\">An</option></select></div></span></td><td role=\\"cell\\"><span style=\\"width: 100%; font-size: 15px;\\" class=\\"bg-primary badge badge-secondary\\"><div style=\\"width: 3rem;\\"><select style=\\"background: none; color: white; font-weight: 700;\\"><option disabled=\\"\\" style=\\"color: grey;\\">P</option><option value=\\"P\\" style=\\"color: black; font-weight: 500;\\">P</option><option value=\\"A\\" style=\\"color: black; font-weight: 500;\\">A</option><option value=\\"L\\" style=\\"color: black; font-weight: 500;\\">L</option><option value=\\"E\\" style=\\"color: black; font-weight: 500;\\">E</option><option value=\\"Ln\\" style=\\"color: black; font-weight: 500;\\">Ln</option><option value=\\"En\\" style=\\"color: black; font-weight: 500;\\">En</option><option value=\\"An\\" style=\\"color: black; font-weight: 500;\\">An</option></select></div></span></td><td role=\\"cell\\"><span style=\\"width: 100%; font-size: 15px;\\" class=\\"bg-primary badge badge-secondary\\"><div style=\\"width: 3rem;\\"><select style=\\"background: none; color: white; font-weight: 700;\\"><option disabled=\\"\\" style=\\"color: grey;\\">P</option><option value=\\"P\\" style=\\"color: black; font-weight: 500;\\">P</option><option value=\\"A\\" style=\\"color: black; font-weight: 500;\\">A</option><option value=\\"L\\" style=\\"color: black; font-weight: 500;\\">L</option><option value=\\"E\\" style=\\"color: black; font-weight: 500;\\">E</option><option value=\\"Ln\\" style=\\"color: black; font-weight: 500;\\">Ln</option><option value=\\"En\\" style=\\"color: black; font-weight: 500;\\">En</option><option value=\\"An\\" style=\\"color: black; font-weight: 500;\\">An</option></select></div></span></td><td role=\\"cell\\"><span style=\\"width: 100%; font-size: 15px;\\" class=\\"bg-primary badge badge-secondary\\"><div style=\\"width: 3rem;\\"><select style=\\"background: none; color: white; font-weight: 700;\\"><option disabled=\\"\\" style=\\"color: grey;\\">P</option><option value=\\"P\\" style=\\"color: black; font-weight: 500;\\">P</option><option value=\\"A\\" style=\\"color: black; font-weight: 500;\\">A</option><option value=\\"L\\" style=\\"color: black; font-weight: 500;\\">L</option><option value=\\"E\\" style=\\"color: black; font-weight: 500;\\">E</option><option value=\\"Ln\\" style=\\"color: black; font-weight: 500;\\">Ln</option><option value=\\"En\\" style=\\"color: black; font-weight: 500;\\">En</option><option value=\\"An\\" style=\\"color: black; font-weight: 500;\\">An</option></select></div></span></td><td role=\\"cell\\"><span style=\\"width: 100%; font-size: 15px;\\" class=\\"bg-primary badge badge-secondary\\"><div style=\\"width: 3rem;\\"><select style=\\"background: none; color: white; font-weight: 700;\\"><option disabled=\\"\\" style=\\"color: grey;\\">P</option><option value=\\"P\\" style=\\"color: black; font-weight: 500;\\">P</option><option value=\\"A\\" style=\\"color: black; font-weight: 500;\\">A</option><option value=\\"L\\" style=\\"color: black; font-weight: 500;\\">L</option><option value=\\"E\\" style=\\"color: black; font-weight: 500;\\">E</option><option value=\\"Ln\\" style=\\"color: black; font-weight: 500;\\">Ln</option><option value=\\"En\\" style=\\"color: black; font-weight: 500;\\">En</option><option value=\\"An\\" style=\\"color: black; font-weight: 500;\\">An</option></select></div></span></td><td role=\\"cell\\"><span style=\\"width: 100%; font-size: 15px;\\" class=\\"bg-primary badge badge-secondary\\"><div style=\\"width: 3rem;\\"><select style=\\"background: none; color: white; font-weight: 700;\\"><option disabled=\\"\\" style=\\"color: grey;\\">P</option><option value=\\"P\\" style=\\"color: black; font-weight: 500;\\">P</option><option value=\\"A\\" style=\\"color: black; font-weight: 500;\\">A</option><option value=\\"L\\" style=\\"color: black; font-weight: 500;\\">L</option><option value=\\"E\\" style=\\"color: black; font-weight: 500;\\">E</option><option value=\\"Ln\\" style=\\"color: black; font-weight: 500;\\">Ln</option><option value=\\"En\\" style=\\"color: black; font-weight: 500;\\">En</option><option value=\\"An\\" style=\\"color: black; font-weight: 500;\\">An</option></select></div></span></td><td role=\\"cell\\"><span style=\\"width: 100%; font-size: 15px;\\" class=\\"bg-primary badge badge-secondary\\"><div style=\\"width: 3rem;\\"><select style=\\"background: none; color: white; font-weight: 700;\\"><option disabled=\\"\\" style=\\"color: grey;\\">P</option><option value=\\"P\\" style=\\"color: black; font-weight: 500;\\">P</option><option value=\\"A\\" style=\\"color: black; font-weight: 500;\\">A</option><option value=\\"L\\" style=\\"color: black; font-weight: 500;\\">L</option><option value=\\"E\\" style=\\"color: black; font-weight: 500;\\">E</option><option value=\\"Ln\\" style=\\"color: black; font-weight: 500;\\">Ln</option><option value=\\"En\\" style=\\"color: black; font-weight: 500;\\">En</option><option value=\\"An\\" style=\\"color: black; font-weight: 500;\\">An</option></select></div></span></td><td role=\\"cell\\"><span style=\\"width: 100%; font-size: 15px;\\" class=\\"bg-primary badge badge-secondary\\"><div style=\\"width: 3rem;\\"><select style=\\"background: none; color: white; font-weight: 700;\\"><option disabled=\\"\\" style=\\"color: grey;\\">P</option><option value=\\"P\\" style=\\"color: black; font-weight: 500;\\">P</option><option value=\\"A\\" style=\\"color: black; font-weight: 500;\\">A</option><option value=\\"L\\" style=\\"color: black; font-weight: 500;\\">L</option><option value=\\"E\\" style=\\"color: black; font-weight: 500;\\">E</option><option value=\\"Ln\\" style=\\"color: black; font-weight: 500;\\">Ln</option><option value=\\"En\\" style=\\"color: black; font-weight: 500;\\">En</option><option value=\\"An\\" style=\\"color: black; font-weight: 500;\\">An</option></select></div></span></td><td role=\\"cell\\"><span style=\\"width: 100%; font-size: 15px;\\" class=\\"bg-primary badge badge-secondary\\"><div style=\\"width: 3rem;\\"><select style=\\"background: none; color: white; font-weight: 700;\\"><option disabled=\\"\\" style=\\"color: grey;\\">P</option><option value=\\"P\\" style=\\"color: black; font-weight: 500;\\">P</option><option value=\\"A\\" style=\\"color: black; font-weight: 500;\\">A</option><option value=\\"L\\" style=\\"color: black; font-weight: 500;\\">L</option><option value=\\"E\\" style=\\"color: black; font-weight: 500;\\">E</option><option value=\\"Ln\\" style=\\"color: black; font-weight: 500;\\">Ln</option><option value=\\"En\\" style=\\"color: black; font-weight: 500;\\">En</option><option value=\\"An\\" style=\\"color: black; font-weight: 500;\\">An</option></select></div></span></td><td role=\\"cell\\"><span style=\\"width: 100%; font-size: 15px;\\" class=\\"bg-primary badge badge-secondary\\"><div style=\\"width: 3rem;\\"><select style=\\"background: none; color: white; font-weight: 700;\\"><option disabled=\\"\\" style=\\"color: grey;\\">P</option><option value=\\"P\\" style=\\"color: black; font-weight: 500;\\">P</option><option value=\\"A\\" style=\\"color: black; font-weight: 500;\\">A</option><option value=\\"L\\" style=\\"color: black; font-weight: 500;\\">L</option><option value=\\"E\\" style=\\"color: black; font-weight: 500;\\">E</option><option value=\\"Ln\\" style=\\"color: black; font-weight: 500;\\">Ln</option><option value=\\"En\\" style=\\"color: black; font-weight: 500;\\">En</option><option value=\\"An\\" style=\\"color: black; font-weight: 500;\\">An</option></select></div></span></td></tr></tbody></table></pre><div class=\\"pagination d-flex align-items-center justify-content-center\\"><button type=\\"button\\" disabled=\\"\\" class=\\"btn-fill me-3 btn btn-primary\\">&lt;&lt;</button><button type=\\"button\\" disabled=\\"\\" class=\\"btn-fill me-3 btn btn-primary\\">&lt;</button><button type=\\"button\\" disabled=\\"\\" class=\\"btn-fill me-3 btn btn-primary\\">&gt;</button><button type=\\"button\\" disabled=\\"\\" class=\\"btn-fill me-5 btn btn-primary\\">&gt;&gt;</button><span class=\\"me-3 ml-5\\">Page<strong>1 of 1</strong></span><span class=\\"me-3\\"> Go to page: </span><input style=\\"width: 100px;\\" type=\\"number\\" class=\\"me-3 form-control\\" value=\\"1\\"><div class=\\"\\"><select class=\\"form-control\\"><option value=\\"10\\">Show 10</option><option value=\\"20\\">Show 20</option><option value=\\"30\\">Show 30</option><option value=\\"40\\">Show 40</option><option value=\\"50\\">Show 50</option></select></div></div><br></div></div> "
`;
