// Jest Snapshot v1, https://goo.gl/fbAQLP

exports[`ModalDeletePenalty should render correctly 1`] = `" <button type=\\"button\\" id=\\"delete-pelnaty-btn\\" class=\\"position-action-delete btn btn-danger\\"><i class=\\"fas fa-trash\\"></i></button> "`;
