// Jest Snapshot v1, https://goo.gl/fbAQLP

exports[`ModalAddPenalty should render correctly 1`] = `" <button type=\\"button\\" id=\\"button-add-testing\\" style=\\"width: 210px; margin-left: 8px;\\" class=\\"btn-fill btn-wd bbb btn btn-primary\\"><i class=\\"fas fa-plus\\" style=\\"margin-right: 4px;\\"></i>New Bonus/Penalty</button> "`;
