// Jest Snapshot v1, https://goo.gl/fbAQLP

exports[`ModalUpdatePenalty should render correctly 1`] = `" <button type=\\"button\\" id=\\"update-penalty-btn\\" class=\\"position-action-delete btn btn-primary\\"><i class=\\"fas fa-edit\\"></i></button> "`;
